# serializer version: 1
# name: test_platform_setup_and_discovery[arete_two_12l_dehumidifier_air_purifier][switch.dehumidifier_child_lock-entry]
  EntityRegistryEntrySnapshot({
    'aliases': set({
    }),
    'area_id': None,
    'capabilities': None,
    'config_entry_id': <ANY>,
    'config_subentry_id': <ANY>,
    'device_class': None,
    'device_id': <ANY>,
    'disabled_by': None,
    'domain': 'switch',
    'entity_category': <EntityCategory.CONFIG: 'config'>,
    'entity_id': 'switch.dehumidifier_child_lock',
    'has_entity_name': True,
    'hidden_by': None,
    'icon': None,
    'id': <ANY>,
    'labels': set({
    }),
    'name': None,
    'options': dict({
    }),
    'original_device_class': None,
    'original_icon': 'mdi:account-lock',
    'original_name': 'Child lock',
    'platform': 'tuya',
    'previous_unique_id': None,
    'suggested_object_id': None,
    'supported_features': 0,
    'translation_key': 'child_lock',
    'unique_id': 'tuya.bf3fce6af592f12df3gbgqchild_lock',
    'unit_of_measurement': None,
  })
# ---
# name: test_platform_setup_and_discovery[arete_two_12l_dehumidifier_air_purifier][switch.dehumidifier_child_lock-state]
  StateSnapshot({
    'attributes': ReadOnlyDict({
      'friendly_name': 'Dehumidifier Child lock',
      'icon': 'mdi:account-lock',
    }),
    'context': <ANY>,
    'entity_id': 'switch.dehumidifier_child_lock',
    'last_changed': <ANY>,
    'last_reported': <ANY>,
    'last_updated': <ANY>,
    'state': 'off',
  })
# ---
