# serializer version: 1
# name: test_platform_setup_and_discovery[sensor.dehumidifier_humidity-entry]
  EntityRegistryEntrySnapshot({
    'aliases': set({
    }),
    'area_id': None,
    'capabilities': dict({
      'state_class': <SensorStateClass.MEASUREMENT: 'measurement'>,
    }),
    'config_entry_id': <ANY>,
    'config_subentry_id': <ANY>,
    'device_class': None,
    'device_id': <ANY>,
    'disabled_by': None,
    'domain': 'sensor',
    'entity_category': None,
    'entity_id': 'sensor.dehumidifier_humidity',
    'has_entity_name': True,
    'hidden_by': None,
    'icon': None,
    'id': <ANY>,
    'labels': set({
    }),
    'name': None,
    'options': dict({
    }),
    'original_device_class': <SensorDeviceClass.HUMIDITY: 'humidity'>,
    'original_icon': None,
    'original_name': 'Humidity',
    'platform': 'tuya',
    'previous_unique_id': None,
    'suggested_object_id': None,
    'supported_features': 0,
    'translation_key': 'humidity',
    'unique_id': 'tuya.bf3fce6af592f12df3gbgqhumidity_indoor',
    'unit_of_measurement': '%',
  })
# ---
# name: test_platform_setup_and_discovery[sensor.dehumidifier_humidity-state]
  StateSnapshot({
    'attributes': ReadOnlyDict({
      'device_class': 'humidity',
      'friendly_name': 'Dehumidifier Humidity',
      'state_class': <SensorStateClass.MEASUREMENT: 'measurement'>,
      'unit_of_measurement': '%',
    }),
    'context': <ANY>,
    'entity_id': 'sensor.dehumidifier_humidity',
    'last_changed': <ANY>,
    'last_reported': <ANY>,
    'last_updated': <ANY>,
    'state': '47.0',
  })
# ---
